--- Starting Return Sample Test ---
Login OK
Using Location: Front Desk 6974e1b39cff9b5e3007798c
Created Sample ID: 6977be2c60b5ce309f8df972 Initial Qty: 10
Performing Return (adding +5)...
node : Error: 
SyntaxError: Unexpected 
token '<', "<!DOCTYPE 
"... is not valid JSON
At line:1 char:1
+ node 
test_return_sample.js > 
test_output.txt 2>&1
+ ~~~~~~~~~~~~~~~~~~~~~~
~~~~~~~~~~~~~~~~~~~~~~~~
~~~
    + CategoryInfo      
        : NotSpecified  
  : (Error: SyntaxEr.   
 .. not valid JSON:S    
tring) [], RemoteEx    
ception
    + FullyQualifiedErr 
   orId : NativeComman  
  dError
 
    at JSON.parse 
(<anonymous>)
    at 
parseJSONFromBytes (node
:internal/deps/undici/un
dici:5738:19)
    at successSteps (nod
e:internal/deps/undici/u
ndici:5719:27)
    at fullyReadBody (no
de:internal/deps/undici/
undici:4609:9)
    at process.processTi
cksAndRejections (node:i
nternal/process/task_que
ues:105:5)
    at async 
consumeBody (node:intern
al/deps/undici/undici:57
28:7)
    at async runTest (C:
\Users\shaha\Desktop\AAP
\backend\test_return_sam
ple.js:69:25)
